━━━━━━━━━━━━━━━━━━━━━━━━━━━━━━━━━━━━━━━━
  DEPLOY 2026-08-31 00:56:46
━━━━━━━━━━━━━━━━━━━━━━━━━━━━━━━━━━━━━━━━
[0;34m→[0m Verificando rama actual...
  Rama: main
[0;34m→[0m Verificando cambios sin commitear...
[0;32m✓[0m Rama y estado OK
[0;34m→[0m Pusheando main a GitHub...
Everything up-to-date
[0;32m✓[0m main actualizado en GitHub
[0;34m→[0m Buildeando Ecollifen...

> Ecollifencl@0.0.1 build
> cross-env NODE_OPTIONS=--use-system-ca astro build

[2m00:56:51[22m [34m[types][39m Generated [2m39ms[22m
[2m00:56:51[22m [34m[build][39m output: [34m"static"[39m
[2m00:56:51[22m [34m[build][39m mode: [34m"static"[39m
[2m00:56:51[22m [34m[build][39m directory: [34mC:\Users\Gamer\Desktop\ProyectosWEB\Ecollifen\Ecollifen-astro\ecollifen\dist\[39m
[2m00:56:51[22m [34m[build][39m Collecting build info...
[2m00:56:51[22m [34m[build][39m [32m✓ Completed in 71ms.[39m
[2m00:56:51[22m [34m[build][39m Building static entrypoints...
[2m00:56:52[22m [34m[vite][39m [32m✓ built in 476ms[39m
[2m00:56:52[22m [34m[vite][39m [32m✓ built in 102ms[39m
[2m00:56:52[22m [34m[build][39m Rearranging server assets...

[42m[30m generating static routes [39m[49m
Falta WP_API_URL en el .env (ej. https://ecollifen.cl/wp/wp-json). Sin esa variable no se puede consultar WordPress.
  [1mLocation:[22m
    [4mC:\Users\Gamer\Desktop\ProyectosWEB\Ecollifen\Ecollifen-astro\ecollifen\node_modules\astro\dist\core\render\route-cache.js:29:27[24m
  [1mStack trace:[22m
[2m    at apiBase (file:///C:/Users/Gamer/Desktop/ProyectosWEB/Ecollifen/Ecollifen-astro/ecollifen/dist/.prerender/chunks/api_NrXy8x4o.mjs:3:8)
    at getAllWooProducts (file:///C:/Users/Gamer/Desktop/ProyectosWEB/Ecollifen/Ecollifen-astro/ecollifen/dist/.prerender/chunks/api_NrXy8x4o.mjs:54:9)
    at callGetStaticPaths (file:///C:/Users/Gamer/Desktop/ProyectosWEB/Ecollifen/Ecollifen-astro/ecollifen/node_modules/astro/dist/core/render/route-cache.js:29:27)
    at async StaticPaths.getAll (file:///C:/Users/Gamer/Desktop/ProyectosWEB/Ecollifen/Ecollifen-astro/ecollifen/node_modules/astro/dist/runtime/prerender/static-paths.js:31:23)
    at async BasicMinimalPluginContext.handler (file:///C:/Users/Gamer/Desktop/ProyectosWEB/Ecollifen/Ecollifen-astro/ecollifen/node_modules/astro/dist/core/build/static-build.js:118:11)
    at async buildEnvironments (file:///C:/Users/Gamer/Desktop/ProyectosWEB/Ecollifen/Ecollifen-astro/ecollifen/node_modules/astro/dist/core/build/static-build.js:196:3)
    at async AstroBuilder.build (file:///C:/Users/Gamer/Desktop/ProyectosWEB/Ecollifen/Ecollifen-astro/ecollifen/node_modules/astro/dist/core/build/index.js:155:5)
    at async build (file:///C:/Users/Gamer/Desktop/ProyectosWEB/Ecollifen/Ecollifen-astro/ecollifen/node_modules/astro/dist/core/build/index.js:48:3)
    at async runCommand (file:///C:/Users/Gamer/Desktop/ProyectosWEB/Ecollifen/Ecollifen-astro/ecollifen/node_modules/astro/dist/cli/index.js:192:7)[22m
Assertion failed: !(handle->flags & UV_HANDLE_CLOSING), file src\win\async.c, line 76
